// Jest Snapshot v1, https://goo.gl/fbAQLP

exports[`Encoding: Match Snapshots 1 1`] = `
<Navigator
  onGestureBegin={[Function]}
  onGestureCanceled={[Function]}
  onGestureEnd={[Function]}
  onTransitionStart={[Function]}
/>
`;
