// Jest Snapshot v1, https://goo.gl/fbAQLP

exports[`odal: Match snapshots 1 1`] = `
<View>
  <Component
    animationType="slide"
    hardwareAccelerated={false}
    onRequestClose={[Function]}
    transparent={false}
    visible={false}
  >
    <View
      style={
        Array [
          Object {
            "flex": 1,
          },
          Object {
            "backgroundColor": "#17212D",
          },
        ]
      }
    >
      <TouchableOpacity
        activeOpacity={0.2}
        onPress={[Function]}
        style={
          Object {
            "alignSelf": "flex-end",
            "paddingHorizontal": 10,
            "paddingVertical": 10,
          }
        }
      >
        <Themed.Icon
          iconStyle={
            Object {
              "color": "#FFF",
            }
          }
          name="close"
          type="evil-icons"
        />
      </TouchableOpacity>
      <AboutUs
        background="#17212D"
        color="#FFF"
      />
    </View>
  </Component>
  <TouchableOpacity
    activeOpacity={0.2}
    onPress={[Function]}
  >
    <Text
      style={
        Array [
          Object {
            "fontFamily": "Roboto-Light",
          },
          Object {
            "color": "#FFF",
          },
        ]
      }
    >
      About Us
    </Text>
  </TouchableOpacity>
</View>
`;
